Archive member included because of file (symbol)

d:/program files/winavr20100110/bin/../lib/gcc/avr/4.3.3/avr5\libgcc.a(_exit.o)
                              d:/program files/winavr20100110/bin/../lib/gcc/avr/4.3.3/../../../../avr/lib/avr5/crtm16.o (exit)
d:/program files/winavr20100110/bin/../lib/gcc/avr/4.3.3/avr5\libgcc.a(_copy_data.o)
                              ./main.o (__do_copy_data)
d:/program files/winavr20100110/bin/../lib/gcc/avr/4.3.3/avr5\libgcc.a(_clear_bss.o)
                              ./uart/uart.o (__do_clear_bss)
d:/program files/winavr20100110/bin/../lib/gcc/avr/4.3.3/avr5\libgcc.a(_addsub_sf.o)
                              ./dht11/DHT.o (__addsf3)
d:/program files/winavr20100110/bin/../lib/gcc/avr/4.3.3/avr5\libgcc.a(_mul_sf.o)
                              ./dht11/DHT.o (__mulsf3)
d:/program files/winavr20100110/bin/../lib/gcc/avr/4.3.3/avr5\libgcc.a(_gt_sf.o)
                              ./dht11/DHT.o (__gtsf2)
d:/program files/winavr20100110/bin/../lib/gcc/avr/4.3.3/avr5\libgcc.a(_lt_sf.o)
                              ./dht11/DHT.o (__ltsf2)
d:/program files/winavr20100110/bin/../lib/gcc/avr/4.3.3/avr5\libgcc.a(_sf_to_si.o)
                              ./main.o (__fixsfsi)
d:/program files/winavr20100110/bin/../lib/gcc/avr/4.3.3/avr5\libgcc.a(_thenan_sf.o)
                              d:/program files/winavr20100110/bin/../lib/gcc/avr/4.3.3/avr5\libgcc.a(_addsub_sf.o) (__thenan_sf)
d:/program files/winavr20100110/bin/../lib/gcc/avr/4.3.3/avr5\libgcc.a(_usi_to_sf.o)
                              ./dht11/DHT.o (__floatunsisf)
d:/program files/winavr20100110/bin/../lib/gcc/avr/4.3.3/avr5\libgcc.a(_prologue.o)
                              d:/program files/winavr20100110/bin/../lib/gcc/avr/4.3.3/avr5\libgcc.a(_addsub_sf.o) (__prologue_saves__)
d:/program files/winavr20100110/bin/../lib/gcc/avr/4.3.3/avr5\libgcc.a(_epilogue.o)
                              d:/program files/winavr20100110/bin/../lib/gcc/avr/4.3.3/avr5\libgcc.a(_addsub_sf.o) (__epilogue_restores__)
d:/program files/winavr20100110/bin/../lib/gcc/avr/4.3.3/avr5\libgcc.a(_clzsi2.o)
                              d:/program files/winavr20100110/bin/../lib/gcc/avr/4.3.3/avr5\libgcc.a(_usi_to_sf.o) (__clzsi2)
d:/program files/winavr20100110/bin/../lib/gcc/avr/4.3.3/avr5\libgcc.a(_pack_sf.o)
                              d:/program files/winavr20100110/bin/../lib/gcc/avr/4.3.3/avr5\libgcc.a(_addsub_sf.o) (__pack_f)
d:/program files/winavr20100110/bin/../lib/gcc/avr/4.3.3/avr5\libgcc.a(_unpack_sf.o)
                              d:/program files/winavr20100110/bin/../lib/gcc/avr/4.3.3/avr5\libgcc.a(_addsub_sf.o) (__unpack_f)
d:/program files/winavr20100110/bin/../lib/gcc/avr/4.3.3/avr5\libgcc.a(_fpcmp_parts_sf.o)
                              d:/program files/winavr20100110/bin/../lib/gcc/avr/4.3.3/avr5\libgcc.a(_gt_sf.o) (__fpcmp_parts_f)
d:/program files/winavr20100110/bin/../lib/gcc/avr/4.3.3/avr5\libgcc.a(_clz.o)
                              d:/program files/winavr20100110/bin/../lib/gcc/avr/4.3.3/avr5\libgcc.a(_clzsi2.o) (__clz_tab)
d:/program files/winavr20100110/bin/../lib/gcc/avr/4.3.3/../../../../avr/lib/avr5\libc.a(itoa.o)
                              ./main.o (itoa)
d:/program files/winavr20100110/bin/../lib/gcc/avr/4.3.3/../../../../avr/lib/avr5\libc.a(strrev.o)
                              d:/program files/winavr20100110/bin/../lib/gcc/avr/4.3.3/../../../../avr/lib/avr5\libc.a(itoa.o) (strrev)
d:/program files/winavr20100110/bin/../lib/gcc/avr/4.3.3/avr5\libgcc.a(_udivmodhi4.o)
                              d:/program files/winavr20100110/bin/../lib/gcc/avr/4.3.3/../../../../avr/lib/avr5\libc.a(itoa.o) (__udivmodhi4)

Allocating common symbols
Common symbol       size              file

pcf8574_pinstatus   0x1               ./pcf8574/pcf8574.o
__DHT_STATUS        0x1               ./dht11/DHT.o

Memory Configuration

Name             Origin             Length             Attributes
text             0x00000000         0x00020000         xr
data             0x00800060         0x0000ffa0         rw !x
eeprom           0x00810000         0x00010000         rw !x
fuse             0x00820000         0x00000400         rw !x
lock             0x00830000         0x00000400         rw !x
signature        0x00840000         0x00000400         rw !x
*default*        0x00000000         0xffffffff

Linker script and memory map

LOAD d:/program files/winavr20100110/bin/../lib/gcc/avr/4.3.3/../../../../avr/lib/avr5/crtm16.o
LOAD ./uart/uart.o
LOAD ./tinudht/tinudht.o
LOAD ./pcf8574/pcf8574.o
LOAD ./lcdpcf8574/lcdpcf8574.o
LOAD ./i2chw/twimaster.o
LOAD ./dht11/DHT.o
LOAD ./main.o
LOAD d:/program files/winavr20100110/bin/../lib/gcc/avr/4.3.3/avr5\libgcc.a
LOAD d:/program files/winavr20100110/bin/../lib/gcc/avr/4.3.3/../../../../avr/lib/avr5\libc.a
LOAD d:/program files/winavr20100110/bin/../lib/gcc/avr/4.3.3/avr5\libgcc.a

.hash
 *(.hash)

.dynsym
 *(.dynsym)

.dynstr
 *(.dynstr)

.gnu.version
 *(.gnu.version)

.gnu.version_d
 *(.gnu.version_d)

.gnu.version_r
 *(.gnu.version_r)

.rel.init
 *(.rel.init)

.rela.init
 *(.rela.init)

.rel.text
 *(.rel.text)
 *(.rel.text.*)
 *(.rel.gnu.linkonce.t*)

.rela.text
 *(.rela.text)
 *(.rela.text.*)
 *(.rela.gnu.linkonce.t*)

.rel.fini
 *(.rel.fini)

.rela.fini
 *(.rela.fini)

.rel.rodata
 *(.rel.rodata)
 *(.rel.rodata.*)
 *(.rel.gnu.linkonce.r*)

.rela.rodata
 *(.rela.rodata)
 *(.rela.rodata.*)
 *(.rela.gnu.linkonce.r*)

.rel.data
 *(.rel.data)
 *(.rel.data.*)
 *(.rel.gnu.linkonce.d*)

.rela.data
 *(.rela.data)
 *(.rela.data.*)
 *(.rela.gnu.linkonce.d*)

.rel.ctors
 *(.rel.ctors)

.rela.ctors
 *(.rela.ctors)

.rel.dtors
 *(.rel.dtors)

.rela.dtors
 *(.rela.dtors)

.rel.got
 *(.rel.got)

.rela.got
 *(.rela.got)

.rel.bss
 *(.rel.bss)

.rela.bss
 *(.rela.bss)

.rel.plt
 *(.rel.plt)

.rela.plt
 *(.rela.plt)

.text           0x00000000     0x1aca
 *(.vectors)
 .vectors       0x00000000       0x54 d:/program files/winavr20100110/bin/../lib/gcc/avr/4.3.3/../../../../avr/lib/avr5/crtm16.o
                0x00000000                __vectors
                0x00000000                __vector_default
 *(.vectors)
 *(.progmem.gcc*)
 *(.progmem*)
                0x00000054                . = ALIGN (0x2)
                0x00000054                __trampolines_start = .
 *(.trampolines)
 .trampolines   0x00000054        0x0 linker stubs
 *(.trampolines*)
                0x00000054                __trampolines_end = .
 *(.jumptables)
 *(.jumptables*)
 *(.lowtext)
 *(.lowtext*)
                0x00000054                __ctors_start = .
 *(.ctors)
                0x00000054                __ctors_end = .
                0x00000054                __dtors_start = .
 *(.dtors)
                0x00000054                __dtors_end = .
 SORT(*)(.ctors)
 SORT(*)(.dtors)
 *(.init0)
 .init0         0x00000054        0x0 d:/program files/winavr20100110/bin/../lib/gcc/avr/4.3.3/../../../../avr/lib/avr5/crtm16.o
                0x00000054                __init
 *(.init0)
 *(.init1)
 *(.init1)
 *(.init2)
 .init2         0x00000054        0xc d:/program files/winavr20100110/bin/../lib/gcc/avr/4.3.3/../../../../avr/lib/avr5/crtm16.o
 *(.init2)
 *(.init3)
 *(.init3)
 *(.init4)
 .init4         0x00000060       0x16 d:/program files/winavr20100110/bin/../lib/gcc/avr/4.3.3/avr5\libgcc.a(_copy_data.o)
                0x00000060                __do_copy_data
 .init4         0x00000076       0x10 d:/program files/winavr20100110/bin/../lib/gcc/avr/4.3.3/avr5\libgcc.a(_clear_bss.o)
                0x00000076                __do_clear_bss
 *(.init4)
 *(.init5)
 *(.init5)
 *(.init6)
 *(.init6)
 *(.init7)
 *(.init7)
 *(.init8)
 *(.init8)
 *(.init9)
 .init9         0x00000086        0x8 d:/program files/winavr20100110/bin/../lib/gcc/avr/4.3.3/../../../../avr/lib/avr5/crtm16.o
 *(.init9)
 *(.text)
 .text          0x0000008e        0x4 d:/program files/winavr20100110/bin/../lib/gcc/avr/4.3.3/../../../../avr/lib/avr5/crtm16.o
                0x0000008e                __vector_1
                0x0000008e                __bad_interrupt
                0x0000008e                __vector_6
                0x0000008e                __vector_3
                0x0000008e                __vector_13
                0x0000008e                __vector_17
                0x0000008e                __vector_19
                0x0000008e                __vector_7
                0x0000008e                __vector_5
                0x0000008e                __vector_4
                0x0000008e                __vector_9
                0x0000008e                __vector_2
                0x0000008e                __vector_15
                0x0000008e                __vector_8
                0x0000008e                __vector_14
                0x0000008e                __vector_10
                0x0000008e                __vector_16
                0x0000008e                __vector_18
                0x0000008e                __vector_20
 .text          0x00000092        0x0 ./uart/uart.o
 .text          0x00000092        0x0 ./tinudht/tinudht.o
 .text          0x00000092        0x0 ./pcf8574/pcf8574.o
 .text          0x00000092        0x0 ./lcdpcf8574/lcdpcf8574.o
 .text          0x00000092        0x0 ./i2chw/twimaster.o
 .text          0x00000092        0x0 ./dht11/DHT.o
 .text          0x00000092        0x0 ./main.o
 .text          0x00000092        0x0 d:/program files/winavr20100110/bin/../lib/gcc/avr/4.3.3/avr5\libgcc.a(_exit.o)
 .text          0x00000092        0x0 d:/program files/winavr20100110/bin/../lib/gcc/avr/4.3.3/avr5\libgcc.a(_copy_data.o)
 .text          0x00000092        0x0 d:/program files/winavr20100110/bin/../lib/gcc/avr/4.3.3/avr5\libgcc.a(_clear_bss.o)
 .text          0x00000092      0x354 d:/program files/winavr20100110/bin/../lib/gcc/avr/4.3.3/avr5\libgcc.a(_addsub_sf.o)
                0x0000032a                __subsf3
                0x0000038c                __addsf3
 .text          0x000003e6      0x1f4 d:/program files/winavr20100110/bin/../lib/gcc/avr/4.3.3/avr5\libgcc.a(_mul_sf.o)
                0x000003e6                __mulsf3
 .text          0x000005da       0x60 d:/program files/winavr20100110/bin/../lib/gcc/avr/4.3.3/avr5\libgcc.a(_gt_sf.o)
                0x000005da                __gtsf2
 .text          0x0000063a       0x60 d:/program files/winavr20100110/bin/../lib/gcc/avr/4.3.3/avr5\libgcc.a(_lt_sf.o)
                0x0000063a                __ltsf2
 .text          0x0000069a       0xa8 d:/program files/winavr20100110/bin/../lib/gcc/avr/4.3.3/avr5\libgcc.a(_sf_to_si.o)
                0x0000069a                __fixsfsi
 .text          0x00000742        0x0 d:/program files/winavr20100110/bin/../lib/gcc/avr/4.3.3/avr5\libgcc.a(_thenan_sf.o)
 .text          0x00000742       0xf2 d:/program files/winavr20100110/bin/../lib/gcc/avr/4.3.3/avr5\libgcc.a(_usi_to_sf.o)
                0x00000742                __floatunsisf
 .text          0x00000834        0x0 d:/program files/winavr20100110/bin/../lib/gcc/avr/4.3.3/avr5\libgcc.a(_prologue.o)
 .text          0x00000834        0x0 d:/program files/winavr20100110/bin/../lib/gcc/avr/4.3.3/avr5\libgcc.a(_epilogue.o)
 .text          0x00000834       0x9e d:/program files/winavr20100110/bin/../lib/gcc/avr/4.3.3/avr5\libgcc.a(_clzsi2.o)
                0x00000834                __clzsi2
 .text          0x000008d2      0x1aa d:/program files/winavr20100110/bin/../lib/gcc/avr/4.3.3/avr5\libgcc.a(_pack_sf.o)
                0x000008d2                __pack_f
 .text          0x00000a7c       0xf0 d:/program files/winavr20100110/bin/../lib/gcc/avr/4.3.3/avr5\libgcc.a(_unpack_sf.o)
                0x00000a7c                __unpack_f
 .text          0x00000b6c       0xb2 d:/program files/winavr20100110/bin/../lib/gcc/avr/4.3.3/avr5\libgcc.a(_fpcmp_parts_sf.o)
                0x00000b6c                __fpcmp_parts_f
 .text          0x00000c1e        0x0 d:/program files/winavr20100110/bin/../lib/gcc/avr/4.3.3/avr5\libgcc.a(_clz.o)
 .text          0x00000c1e        0x0 d:/program files/winavr20100110/bin/../lib/gcc/avr/4.3.3/../../../../avr/lib/avr5\libc.a(itoa.o)
 .text          0x00000c1e        0x0 d:/program files/winavr20100110/bin/../lib/gcc/avr/4.3.3/../../../../avr/lib/avr5\libc.a(strrev.o)
 .text          0x00000c1e        0x0 d:/program files/winavr20100110/bin/../lib/gcc/avr/4.3.3/avr5\libgcc.a(_udivmodhi4.o)
                0x00000c1e                . = ALIGN (0x2)
 *(.text.*)
 .text.__vector_11
                0x00000c1e       0x54 ./uart/uart.o
                0x00000c1e                __vector_11
 .text.__vector_12
                0x00000c72       0x4a ./uart/uart.o
                0x00000c72                __vector_12
 .text.uart_init
                0x00000cbc       0x2a ./uart/uart.o
                0x00000cbc                uart_init
 .text.uart_getc
                0x00000ce6       0x3a ./uart/uart.o
                0x00000ce6                uart_getc
 .text.uart_putc
                0x00000d20       0x24 ./uart/uart.o
                0x00000d20                uart_putc
 .text.uart_puts
                0x00000d44       0x1a ./uart/uart.o
                0x00000d44                uart_puts
 .text.uart_puts_p
                0x00000d5e       0x1c ./uart/uart.o
                0x00000d5e                uart_puts_p
 .text.tinudht_read
                0x00000d7a      0x160 ./tinudht/tinudht.o
                0x00000d7a                tinudht_read
 .text.pcf8574_getoutput
                0x00000eda        0xe ./pcf8574/pcf8574.o
                0x00000eda                pcf8574_getoutput
 .text.pcf8574_getoutputpin
                0x00000ee8       0x24 ./pcf8574/pcf8574.o
                0x00000ee8                pcf8574_getoutputpin
 .text.pcf8574_getinput
                0x00000f0c       0x22 ./pcf8574/pcf8574.o
                0x00000f0c                pcf8574_getinput
 .text.pcf8574_getinputpin
                0x00000f2e       0x2e ./pcf8574/pcf8574.o
                0x00000f2e                pcf8574_getinputpin
 .text.pcf8574_setoutputpin
                0x00000f5c       0x58 ./pcf8574/pcf8574.o
                0x00000f5c                pcf8574_setoutputpin
 .text.pcf8574_setoutputpinlow
                0x00000fb4        0x8 ./pcf8574/pcf8574.o
                0x00000fb4                pcf8574_setoutputpinlow
 .text.pcf8574_setoutputpinhigh
                0x00000fbc        0x8 ./pcf8574/pcf8574.o
                0x00000fbc                pcf8574_setoutputpinhigh
 .text.pcf8574_setoutputpins
                0x00000fc4       0x84 ./pcf8574/pcf8574.o
                0x00000fc4                pcf8574_setoutputpins
 .text.pcf8574_setoutput
                0x00001048       0x26 ./pcf8574/pcf8574.o
                0x00001048                pcf8574_setoutput
 .text.pcf8574_init
                0x0000106e       0x10 ./pcf8574/pcf8574.o
                0x0000106e                pcf8574_init
 .text.lcd_led  0x0000107e       0x22 ./lcdpcf8574/lcdpcf8574.o
                0x0000107e                lcd_led
 .text.toggle_e
                0x000010a0       0x14 ./lcdpcf8574/lcdpcf8574.o
 .text.lcd_write
                0x000010b4      0x140 ./lcdpcf8574/lcdpcf8574.o
 .text.lcd_read
                0x000011f4       0xcc ./lcdpcf8574/lcdpcf8574.o
 .text.lcd_waitbusy
                0x000012c0       0x1a ./lcdpcf8574/lcdpcf8574.o
 .text.lcd_getxy
                0x000012da        0x8 ./lcdpcf8574/lcdpcf8574.o
                0x000012da                lcd_getxy
 .text.lcd_data
                0x000012e2       0x14 ./lcdpcf8574/lcdpcf8574.o
                0x000012e2                lcd_data
 .text.lcd_command
                0x000012f6       0x14 ./lcdpcf8574/lcdpcf8574.o
                0x000012f6                lcd_command
 .text.lcd_home
                0x0000130a        0x8 ./lcdpcf8574/lcdpcf8574.o
                0x0000130a                lcd_home
 .text.lcd_clrscr
                0x00001312        0x8 ./lcdpcf8574/lcdpcf8574.o
                0x00001312                lcd_clrscr
 .text.lcd_init
                0x0000131a       0xa6 ./lcdpcf8574/lcdpcf8574.o
                0x0000131a                lcd_init
 .text.lcd_gotoxy
                0x000013c0       0x10 ./lcdpcf8574/lcdpcf8574.o
                0x000013c0                lcd_gotoxy
 .text.lcd_putc
                0x000013d0       0x42 ./lcdpcf8574/lcdpcf8574.o
                0x000013d0                lcd_putc
 .text.lcd_puts_p
                0x00001412       0x1c ./lcdpcf8574/lcdpcf8574.o
                0x00001412                lcd_puts_p
 .text.lcd_puts
                0x0000142e       0x18 ./lcdpcf8574/lcdpcf8574.o
                0x0000142e                lcd_puts
 .text.lcd_create_custom_char
                0x00001446       0x42 ./lcdpcf8574/lcdpcf8574.o
                0x00001446                lcd_create_custom_char
 .text.lcd_clear_CGRAM
                0x00001488       0x1a ./lcdpcf8574/lcdpcf8574.o
                0x00001488                lcd_clear_CGRAM
 .text.i2c_init
                0x000014a2        0x8 ./i2chw/twimaster.o
                0x000014a2                i2c_init
 .text.i2c_start
                0x000014aa       0x3e ./i2chw/twimaster.o
                0x000014aa                i2c_start
 .text.i2c_start_wait
                0x000014e8       0x3c ./i2chw/twimaster.o
                0x000014e8                i2c_start_wait
 .text.i2c_rep_start
                0x00001524        0x6 ./i2chw/twimaster.o
                0x00001524                i2c_rep_start
 .text.i2c_stop
                0x0000152a        0xc ./i2chw/twimaster.o
                0x0000152a                i2c_stop
 .text.i2c_write
                0x00001536       0x1c ./i2chw/twimaster.o
                0x00001536                i2c_write
 .text.i2c_readAck
                0x00001552        0xe ./i2chw/twimaster.o
                0x00001552                i2c_readAck
 .text.i2c_readNak
                0x00001560        0xe ./i2chw/twimaster.o
                0x00001560                i2c_readNak
 .text.DHT_Setup
                0x0000156e       0x18 ./dht11/DHT.o
                0x0000156e                DHT_Setup
 .text.DHT_GetStatus
                0x00001586        0x6 ./dht11/DHT.o
                0x00001586                DHT_GetStatus
 .text.DHT_ReadRaw
                0x0000158c      0x1aa ./dht11/DHT.o
                0x0000158c                DHT_ReadRaw
 .text.DHT_Read
                0x00001736       0xec ./dht11/DHT.o
                0x00001736                DHT_Read
 .text.DHT_GetHumidity
                0x00001822        0xc ./dht11/DHT.o
                0x00001822                DHT_GetHumidity
 .text.DHT_GetTemperature
                0x0000182e        0xa ./dht11/DHT.o
                0x0000182e                DHT_GetTemperature
 .text.DHT_CelsiusToFahrenheit
                0x00001838       0x1a ./dht11/DHT.o
                0x00001838                DHT_CelsiusToFahrenheit
 .text.DHT_CelsiusToKelvin
                0x00001852        0xe ./dht11/DHT.o
                0x00001852                DHT_CelsiusToKelvin
 .text.main     0x00001860      0x16e ./main.o
                0x00001860                main
 .text.libgcc   0x000019ce        0x0 d:/program files/winavr20100110/bin/../lib/gcc/avr/4.3.3/avr5\libgcc.a(_exit.o)
 .text.libgcc   0x000019ce        0x0 d:/program files/winavr20100110/bin/../lib/gcc/avr/4.3.3/avr5\libgcc.a(_copy_data.o)
 .text.libgcc   0x000019ce        0x0 d:/program files/winavr20100110/bin/../lib/gcc/avr/4.3.3/avr5\libgcc.a(_clear_bss.o)
 .text.libgcc   0x000019ce       0x38 d:/program files/winavr20100110/bin/../lib/gcc/avr/4.3.3/avr5\libgcc.a(_prologue.o)
                0x000019ce                __prologue_saves__
 .text.libgcc   0x00001a06       0x36 d:/program files/winavr20100110/bin/../lib/gcc/avr/4.3.3/avr5\libgcc.a(_epilogue.o)
                0x00001a06                __epilogue_restores__
 .text.avr-libc
                0x00001a3c       0x42 d:/program files/winavr20100110/bin/../lib/gcc/avr/4.3.3/../../../../avr/lib/avr5\libc.a(itoa.o)
                0x00001a3c                itoa
 .text.avr-libc
                0x00001a7e       0x20 d:/program files/winavr20100110/bin/../lib/gcc/avr/4.3.3/../../../../avr/lib/avr5\libc.a(strrev.o)
                0x00001a7e                strrev
 .text.libgcc   0x00001a9e       0x28 d:/program files/winavr20100110/bin/../lib/gcc/avr/4.3.3/avr5\libgcc.a(_udivmodhi4.o)
                0x00001a9e                __udivmodhi4
                0x00001ac6                . = ALIGN (0x2)
 *(.fini9)
 .fini9         0x00001ac6        0x0 d:/program files/winavr20100110/bin/../lib/gcc/avr/4.3.3/avr5\libgcc.a(_exit.o)
                0x00001ac6                exit
                0x00001ac6                _exit
 *(.fini9)
 *(.fini8)
 *(.fini8)
 *(.fini7)
 *(.fini7)
 *(.fini6)
 *(.fini6)
 *(.fini5)
 *(.fini5)
 *(.fini4)
 *(.fini4)
 *(.fini3)
 *(.fini3)
 *(.fini2)
 *(.fini2)
 *(.fini1)
 *(.fini1)
 *(.fini0)
 .fini0         0x00001ac6        0x4 d:/program files/winavr20100110/bin/../lib/gcc/avr/4.3.3/avr5\libgcc.a(_exit.o)
 *(.fini0)
                0x00001aca                _etext = .

.data           0x00800060      0x13e load address 0x00001aca
                0x00800060                PROVIDE (__data_start, .)
 *(.data)
 .data          0x00800060        0x0 d:/program files/winavr20100110/bin/../lib/gcc/avr/4.3.3/../../../../avr/lib/avr5/crtm16.o
 .data          0x00800060        0x0 ./uart/uart.o
 .data          0x00800060        0x0 ./tinudht/tinudht.o
 .data          0x00800060        0x0 ./pcf8574/pcf8574.o
 .data          0x00800060        0x0 ./lcdpcf8574/lcdpcf8574.o
 .data          0x00800060        0x0 ./i2chw/twimaster.o
 .data          0x00800060        0x0 ./dht11/DHT.o
 .data          0x00800060       0x36 ./main.o
 .data          0x00800096        0x0 d:/program files/winavr20100110/bin/../lib/gcc/avr/4.3.3/avr5\libgcc.a(_exit.o)
 .data          0x00800096        0x0 d:/program files/winavr20100110/bin/../lib/gcc/avr/4.3.3/avr5\libgcc.a(_copy_data.o)
 .data          0x00800096        0x0 d:/program files/winavr20100110/bin/../lib/gcc/avr/4.3.3/avr5\libgcc.a(_clear_bss.o)
 .data          0x00800096        0x0 d:/program files/winavr20100110/bin/../lib/gcc/avr/4.3.3/avr5\libgcc.a(_addsub_sf.o)
 .data          0x00800096        0x0 d:/program files/winavr20100110/bin/../lib/gcc/avr/4.3.3/avr5\libgcc.a(_mul_sf.o)
 .data          0x00800096        0x0 d:/program files/winavr20100110/bin/../lib/gcc/avr/4.3.3/avr5\libgcc.a(_gt_sf.o)
 .data          0x00800096        0x0 d:/program files/winavr20100110/bin/../lib/gcc/avr/4.3.3/avr5\libgcc.a(_lt_sf.o)
 .data          0x00800096        0x0 d:/program files/winavr20100110/bin/../lib/gcc/avr/4.3.3/avr5\libgcc.a(_sf_to_si.o)
 .data          0x00800096        0x8 d:/program files/winavr20100110/bin/../lib/gcc/avr/4.3.3/avr5\libgcc.a(_thenan_sf.o)
                0x00800096                __thenan_sf
 .data          0x0080009e        0x0 d:/program files/winavr20100110/bin/../lib/gcc/avr/4.3.3/avr5\libgcc.a(_usi_to_sf.o)
 .data          0x0080009e        0x0 d:/program files/winavr20100110/bin/../lib/gcc/avr/4.3.3/avr5\libgcc.a(_prologue.o)
 .data          0x0080009e        0x0 d:/program files/winavr20100110/bin/../lib/gcc/avr/4.3.3/avr5\libgcc.a(_epilogue.o)
 .data          0x0080009e        0x0 d:/program files/winavr20100110/bin/../lib/gcc/avr/4.3.3/avr5\libgcc.a(_clzsi2.o)
 .data          0x0080009e        0x0 d:/program files/winavr20100110/bin/../lib/gcc/avr/4.3.3/avr5\libgcc.a(_pack_sf.o)
 .data          0x0080009e        0x0 d:/program files/winavr20100110/bin/../lib/gcc/avr/4.3.3/avr5\libgcc.a(_unpack_sf.o)
 .data          0x0080009e        0x0 d:/program files/winavr20100110/bin/../lib/gcc/avr/4.3.3/avr5\libgcc.a(_fpcmp_parts_sf.o)
 .data          0x0080009e      0x100 d:/program files/winavr20100110/bin/../lib/gcc/avr/4.3.3/avr5\libgcc.a(_clz.o)
                0x0080009e                __clz_tab
 .data          0x0080019e        0x0 d:/program files/winavr20100110/bin/../lib/gcc/avr/4.3.3/../../../../avr/lib/avr5\libc.a(itoa.o)
 .data          0x0080019e        0x0 d:/program files/winavr20100110/bin/../lib/gcc/avr/4.3.3/../../../../avr/lib/avr5\libc.a(strrev.o)
 .data          0x0080019e        0x0 d:/program files/winavr20100110/bin/../lib/gcc/avr/4.3.3/avr5\libgcc.a(_udivmodhi4.o)
 *(.data*)
 *(.rodata)
 *(.rodata*)
 *(.gnu.linkonce.d*)
                0x0080019e                . = ALIGN (0x2)
                0x0080019e                _edata = .
                0x0080019e                PROVIDE (__data_end, .)

.bss            0x0080019e       0x48
                0x0080019e                PROVIDE (__bss_start, .)
 *(.bss)
 .bss           0x0080019e        0x0 d:/program files/winavr20100110/bin/../lib/gcc/avr/4.3.3/../../../../avr/lib/avr5/crtm16.o
 .bss           0x0080019e        0x0 ./uart/uart.o
 .bss           0x0080019e        0x0 ./tinudht/tinudht.o
 .bss           0x0080019e        0x0 ./pcf8574/pcf8574.o
 .bss           0x0080019e        0x0 ./lcdpcf8574/lcdpcf8574.o
 .bss           0x0080019e        0x0 ./i2chw/twimaster.o
 .bss           0x0080019e        0x0 ./dht11/DHT.o
 .bss           0x0080019e        0x0 ./main.o
 .bss           0x0080019e        0x0 d:/program files/winavr20100110/bin/../lib/gcc/avr/4.3.3/avr5\libgcc.a(_exit.o)
 .bss           0x0080019e        0x0 d:/program files/winavr20100110/bin/../lib/gcc/avr/4.3.3/avr5\libgcc.a(_copy_data.o)
 .bss           0x0080019e        0x0 d:/program files/winavr20100110/bin/../lib/gcc/avr/4.3.3/avr5\libgcc.a(_clear_bss.o)
 .bss           0x0080019e        0x0 d:/program files/winavr20100110/bin/../lib/gcc/avr/4.3.3/avr5\libgcc.a(_addsub_sf.o)
 .bss           0x0080019e        0x0 d:/program files/winavr20100110/bin/../lib/gcc/avr/4.3.3/avr5\libgcc.a(_mul_sf.o)
 .bss           0x0080019e        0x0 d:/program files/winavr20100110/bin/../lib/gcc/avr/4.3.3/avr5\libgcc.a(_gt_sf.o)
 .bss           0x0080019e        0x0 d:/program files/winavr20100110/bin/../lib/gcc/avr/4.3.3/avr5\libgcc.a(_lt_sf.o)
 .bss           0x0080019e        0x0 d:/program files/winavr20100110/bin/../lib/gcc/avr/4.3.3/avr5\libgcc.a(_sf_to_si.o)
 .bss           0x0080019e        0x0 d:/program files/winavr20100110/bin/../lib/gcc/avr/4.3.3/avr5\libgcc.a(_thenan_sf.o)
 .bss           0x0080019e        0x0 d:/program files/winavr20100110/bin/../lib/gcc/avr/4.3.3/avr5\libgcc.a(_usi_to_sf.o)
 .bss           0x0080019e        0x0 d:/program files/winavr20100110/bin/../lib/gcc/avr/4.3.3/avr5\libgcc.a(_prologue.o)
 .bss           0x0080019e        0x0 d:/program files/winavr20100110/bin/../lib/gcc/avr/4.3.3/avr5\libgcc.a(_epilogue.o)
 .bss           0x0080019e        0x0 d:/program files/winavr20100110/bin/../lib/gcc/avr/4.3.3/avr5\libgcc.a(_clzsi2.o)
 .bss           0x0080019e        0x0 d:/program files/winavr20100110/bin/../lib/gcc/avr/4.3.3/avr5\libgcc.a(_pack_sf.o)
 .bss           0x0080019e        0x0 d:/program files/winavr20100110/bin/../lib/gcc/avr/4.3.3/avr5\libgcc.a(_unpack_sf.o)
 .bss           0x0080019e        0x0 d:/program files/winavr20100110/bin/../lib/gcc/avr/4.3.3/avr5\libgcc.a(_fpcmp_parts_sf.o)
 .bss           0x0080019e        0x0 d:/program files/winavr20100110/bin/../lib/gcc/avr/4.3.3/avr5\libgcc.a(_clz.o)
 .bss           0x0080019e        0x0 d:/program files/winavr20100110/bin/../lib/gcc/avr/4.3.3/../../../../avr/lib/avr5\libc.a(itoa.o)
 .bss           0x0080019e        0x0 d:/program files/winavr20100110/bin/../lib/gcc/avr/4.3.3/../../../../avr/lib/avr5\libc.a(strrev.o)
 .bss           0x0080019e        0x0 d:/program files/winavr20100110/bin/../lib/gcc/avr/4.3.3/avr5\libgcc.a(_udivmodhi4.o)
 *(.bss*)
 .bss.UART_TxBuf
                0x0080019e       0x20 ./uart/uart.o
 .bss.UART_RxBuf
                0x008001be       0x20 ./uart/uart.o
 .bss.UART_TxHead
                0x008001de        0x1 ./uart/uart.o
 .bss.UART_TxTail
                0x008001df        0x1 ./uart/uart.o
 .bss.UART_RxHead
                0x008001e0        0x1 ./uart/uart.o
 .bss.UART_RxTail
                0x008001e1        0x1 ./uart/uart.o
 .bss.UART_LastRxError
                0x008001e2        0x1 ./uart/uart.o
 .bss.dataport  0x008001e3        0x1 ./lcdpcf8574/lcdpcf8574.o
                0x008001e3                dataport
 *(COMMON)
 COMMON         0x008001e4        0x1 ./pcf8574/pcf8574.o
                0x008001e4                pcf8574_pinstatus
 COMMON         0x008001e5        0x1 ./dht11/DHT.o
                0x008001e5                __DHT_STATUS
                0x008001e6                PROVIDE (__bss_end, .)
                0x00001aca                __data_load_start = LOADADDR (.data)
                0x00001c08                __data_load_end = (__data_load_start + SIZEOF (.data))

.noinit         0x008001e6        0x0
                0x008001e6                PROVIDE (__noinit_start, .)
 *(.noinit*)
                0x008001e6                PROVIDE (__noinit_end, .)
                0x008001e6                _end = .
                0x008001e6                PROVIDE (__heap_start, .)

.eeprom         0x00810000        0x0
 *(.eeprom*)
                0x00810000                __eeprom_end = .

.fuse
 *(.fuse)
 *(.lfuse)
 *(.hfuse)
 *(.efuse)

.lock
 *(.lock*)

.signature
 *(.signature*)

.stab
 *(.stab)

.stabstr
 *(.stabstr)

.stab.excl
 *(.stab.excl)

.stab.exclstr
 *(.stab.exclstr)

.stab.index
 *(.stab.index)

.stab.indexstr
 *(.stab.indexstr)

.comment
 *(.comment)

.debug
 *(.debug)

.line
 *(.line)

.debug_srcinfo
 *(.debug_srcinfo)

.debug_sfnames
 *(.debug_sfnames)

.debug_aranges  0x00000000      0x140
 *(.debug_aranges)
 .debug_aranges
                0x00000000       0x20 d:/program files/winavr20100110/bin/../lib/gcc/avr/4.3.3/avr5\libgcc.a(_addsub_sf.o)
 .debug_aranges
                0x00000020       0x20 d:/program files/winavr20100110/bin/../lib/gcc/avr/4.3.3/avr5\libgcc.a(_mul_sf.o)
 .debug_aranges
                0x00000040       0x20 d:/program files/winavr20100110/bin/../lib/gcc/avr/4.3.3/avr5\libgcc.a(_gt_sf.o)
 .debug_aranges
                0x00000060       0x20 d:/program files/winavr20100110/bin/../lib/gcc/avr/4.3.3/avr5\libgcc.a(_lt_sf.o)
 .debug_aranges
                0x00000080       0x20 d:/program files/winavr20100110/bin/../lib/gcc/avr/4.3.3/avr5\libgcc.a(_sf_to_si.o)
 .debug_aranges
                0x000000a0       0x20 d:/program files/winavr20100110/bin/../lib/gcc/avr/4.3.3/avr5\libgcc.a(_usi_to_sf.o)
 .debug_aranges
                0x000000c0       0x20 d:/program files/winavr20100110/bin/../lib/gcc/avr/4.3.3/avr5\libgcc.a(_clzsi2.o)
 .debug_aranges
                0x000000e0       0x20 d:/program files/winavr20100110/bin/../lib/gcc/avr/4.3.3/avr5\libgcc.a(_pack_sf.o)
 .debug_aranges
                0x00000100       0x20 d:/program files/winavr20100110/bin/../lib/gcc/avr/4.3.3/avr5\libgcc.a(_unpack_sf.o)
 .debug_aranges
                0x00000120       0x20 d:/program files/winavr20100110/bin/../lib/gcc/avr/4.3.3/avr5\libgcc.a(_fpcmp_parts_sf.o)

.debug_pubnames
                0x00000000      0x192
 *(.debug_pubnames)
 .debug_pubnames
                0x00000000       0x2c d:/program files/winavr20100110/bin/../lib/gcc/avr/4.3.3/avr5\libgcc.a(_addsub_sf.o)
 .debug_pubnames
                0x0000002c       0x1f d:/program files/winavr20100110/bin/../lib/gcc/avr/4.3.3/avr5\libgcc.a(_mul_sf.o)
 .debug_pubnames
                0x0000004b       0x1e d:/program files/winavr20100110/bin/../lib/gcc/avr/4.3.3/avr5\libgcc.a(_gt_sf.o)
 .debug_pubnames
                0x00000069       0x1e d:/program files/winavr20100110/bin/../lib/gcc/avr/4.3.3/avr5\libgcc.a(_lt_sf.o)
 .debug_pubnames
                0x00000087       0x20 d:/program files/winavr20100110/bin/../lib/gcc/avr/4.3.3/avr5\libgcc.a(_sf_to_si.o)
 .debug_pubnames
                0x000000a7       0x22 d:/program files/winavr20100110/bin/../lib/gcc/avr/4.3.3/avr5\libgcc.a(_thenan_sf.o)
 .debug_pubnames
                0x000000c9       0x24 d:/program files/winavr20100110/bin/../lib/gcc/avr/4.3.3/avr5\libgcc.a(_usi_to_sf.o)
 .debug_pubnames
                0x000000ed       0x1f d:/program files/winavr20100110/bin/../lib/gcc/avr/4.3.3/avr5\libgcc.a(_clzsi2.o)
 .debug_pubnames
                0x0000010c       0x1f d:/program files/winavr20100110/bin/../lib/gcc/avr/4.3.3/avr5\libgcc.a(_pack_sf.o)
 .debug_pubnames
                0x0000012b       0x21 d:/program files/winavr20100110/bin/../lib/gcc/avr/4.3.3/avr5\libgcc.a(_unpack_sf.o)
 .debug_pubnames
                0x0000014c       0x26 d:/program files/winavr20100110/bin/../lib/gcc/avr/4.3.3/avr5\libgcc.a(_fpcmp_parts_sf.o)
 .debug_pubnames
                0x00000172       0x20 d:/program files/winavr20100110/bin/../lib/gcc/avr/4.3.3/avr5\libgcc.a(_clz.o)

.debug_info     0x00000000     0x1cdf
 *(.debug_info)
 .debug_info    0x00000000      0x47a d:/program files/winavr20100110/bin/../lib/gcc/avr/4.3.3/avr5\libgcc.a(_addsub_sf.o)
 .debug_info    0x0000047a      0x485 d:/program files/winavr20100110/bin/../lib/gcc/avr/4.3.3/avr5\libgcc.a(_mul_sf.o)
 .debug_info    0x000008ff      0x27f d:/program files/winavr20100110/bin/../lib/gcc/avr/4.3.3/avr5\libgcc.a(_gt_sf.o)
 .debug_info    0x00000b7e      0x27f d:/program files/winavr20100110/bin/../lib/gcc/avr/4.3.3/avr5\libgcc.a(_lt_sf.o)
 .debug_info    0x00000dfd      0x2b0 d:/program files/winavr20100110/bin/../lib/gcc/avr/4.3.3/avr5\libgcc.a(_sf_to_si.o)
 .debug_info    0x000010ad      0x12c d:/program files/winavr20100110/bin/../lib/gcc/avr/4.3.3/avr5\libgcc.a(_thenan_sf.o)
 .debug_info    0x000011d9      0x206 d:/program files/winavr20100110/bin/../lib/gcc/avr/4.3.3/avr5\libgcc.a(_usi_to_sf.o)
 .debug_info    0x000013df      0x117 d:/program files/winavr20100110/bin/../lib/gcc/avr/4.3.3/avr5\libgcc.a(_clzsi2.o)
 .debug_info    0x000014f6      0x2df d:/program files/winavr20100110/bin/../lib/gcc/avr/4.3.3/avr5\libgcc.a(_pack_sf.o)
 .debug_info    0x000017d5      0x251 d:/program files/winavr20100110/bin/../lib/gcc/avr/4.3.3/avr5\libgcc.a(_unpack_sf.o)
 .debug_info    0x00001a26      0x210 d:/program files/winavr20100110/bin/../lib/gcc/avr/4.3.3/avr5\libgcc.a(_fpcmp_parts_sf.o)
 .debug_info    0x00001c36       0xa9 d:/program files/winavr20100110/bin/../lib/gcc/avr/4.3.3/avr5\libgcc.a(_clz.o)
 *(.gnu.linkonce.wi.*)

.debug_abbrev   0x00000000      0xfb9
 *(.debug_abbrev)
 .debug_abbrev  0x00000000      0x1ea d:/program files/winavr20100110/bin/../lib/gcc/avr/4.3.3/avr5\libgcc.a(_addsub_sf.o)
 .debug_abbrev  0x000001ea      0x21b d:/program files/winavr20100110/bin/../lib/gcc/avr/4.3.3/avr5\libgcc.a(_mul_sf.o)
 .debug_abbrev  0x00000405      0x15a d:/program files/winavr20100110/bin/../lib/gcc/avr/4.3.3/avr5\libgcc.a(_gt_sf.o)
 .debug_abbrev  0x0000055f      0x15a d:/program files/winavr20100110/bin/../lib/gcc/avr/4.3.3/avr5\libgcc.a(_lt_sf.o)
 .debug_abbrev  0x000006b9      0x17f d:/program files/winavr20100110/bin/../lib/gcc/avr/4.3.3/avr5\libgcc.a(_sf_to_si.o)
 .debug_abbrev  0x00000838       0xad d:/program files/winavr20100110/bin/../lib/gcc/avr/4.3.3/avr5\libgcc.a(_thenan_sf.o)
 .debug_abbrev  0x000008e5      0x157 d:/program files/winavr20100110/bin/../lib/gcc/avr/4.3.3/avr5\libgcc.a(_usi_to_sf.o)
 .debug_abbrev  0x00000a3c       0xc4 d:/program files/winavr20100110/bin/../lib/gcc/avr/4.3.3/avr5\libgcc.a(_clzsi2.o)
 .debug_abbrev  0x00000b00      0x1c0 d:/program files/winavr20100110/bin/../lib/gcc/avr/4.3.3/avr5\libgcc.a(_pack_sf.o)
 .debug_abbrev  0x00000cc0      0x154 d:/program files/winavr20100110/bin/../lib/gcc/avr/4.3.3/avr5\libgcc.a(_unpack_sf.o)
 .debug_abbrev  0x00000e14      0x13b d:/program files/winavr20100110/bin/../lib/gcc/avr/4.3.3/avr5\libgcc.a(_fpcmp_parts_sf.o)
 .debug_abbrev  0x00000f4f       0x6a d:/program files/winavr20100110/bin/../lib/gcc/avr/4.3.3/avr5\libgcc.a(_clz.o)

.debug_line     0x00000000      0xe87
 *(.debug_line)
 .debug_line    0x00000000      0x2af d:/program files/winavr20100110/bin/../lib/gcc/avr/4.3.3/avr5\libgcc.a(_addsub_sf.o)
 .debug_line    0x000002af      0x239 d:/program files/winavr20100110/bin/../lib/gcc/avr/4.3.3/avr5\libgcc.a(_mul_sf.o)
 .debug_line    0x000004e8       0xd3 d:/program files/winavr20100110/bin/../lib/gcc/avr/4.3.3/avr5\libgcc.a(_gt_sf.o)
 .debug_line    0x000005bb       0xd3 d:/program files/winavr20100110/bin/../lib/gcc/avr/4.3.3/avr5\libgcc.a(_lt_sf.o)
 .debug_line    0x0000068e      0x109 d:/program files/winavr20100110/bin/../lib/gcc/avr/4.3.3/avr5\libgcc.a(_sf_to_si.o)
 .debug_line    0x00000797       0x90 d:/program files/winavr20100110/bin/../lib/gcc/avr/4.3.3/avr5\libgcc.a(_thenan_sf.o)
 .debug_line    0x00000827      0x133 d:/program files/winavr20100110/bin/../lib/gcc/avr/4.3.3/avr5\libgcc.a(_usi_to_sf.o)
 .debug_line    0x0000095a       0xa5 d:/program files/winavr20100110/bin/../lib/gcc/avr/4.3.3/avr5\libgcc.a(_clzsi2.o)
 .debug_line    0x000009ff      0x18a d:/program files/winavr20100110/bin/../lib/gcc/avr/4.3.3/avr5\libgcc.a(_pack_sf.o)
 .debug_line    0x00000b89      0x14b d:/program files/winavr20100110/bin/../lib/gcc/avr/4.3.3/avr5\libgcc.a(_unpack_sf.o)
 .debug_line    0x00000cd4      0x137 d:/program files/winavr20100110/bin/../lib/gcc/avr/4.3.3/avr5\libgcc.a(_fpcmp_parts_sf.o)
 .debug_line    0x00000e0b       0x7c d:/program files/winavr20100110/bin/../lib/gcc/avr/4.3.3/avr5\libgcc.a(_clz.o)

.debug_frame    0x00000000      0x160
 *(.debug_frame)
 .debug_frame   0x00000000       0x40 d:/program files/winavr20100110/bin/../lib/gcc/avr/4.3.3/avr5\libgcc.a(_addsub_sf.o)
 .debug_frame   0x00000040       0x20 d:/program files/winavr20100110/bin/../lib/gcc/avr/4.3.3/avr5\libgcc.a(_mul_sf.o)
 .debug_frame   0x00000060       0x20 d:/program files/winavr20100110/bin/../lib/gcc/avr/4.3.3/avr5\libgcc.a(_gt_sf.o)
 .debug_frame   0x00000080       0x20 d:/program files/winavr20100110/bin/../lib/gcc/avr/4.3.3/avr5\libgcc.a(_lt_sf.o)
 .debug_frame   0x000000a0       0x20 d:/program files/winavr20100110/bin/../lib/gcc/avr/4.3.3/avr5\libgcc.a(_sf_to_si.o)
 .debug_frame   0x000000c0       0x20 d:/program files/winavr20100110/bin/../lib/gcc/avr/4.3.3/avr5\libgcc.a(_usi_to_sf.o)
 .debug_frame   0x000000e0       0x20 d:/program files/winavr20100110/bin/../lib/gcc/avr/4.3.3/avr5\libgcc.a(_clzsi2.o)
 .debug_frame   0x00000100       0x20 d:/program files/winavr20100110/bin/../lib/gcc/avr/4.3.3/avr5\libgcc.a(_pack_sf.o)
 .debug_frame   0x00000120       0x20 d:/program files/winavr20100110/bin/../lib/gcc/avr/4.3.3/avr5\libgcc.a(_unpack_sf.o)
 .debug_frame   0x00000140       0x20 d:/program files/winavr20100110/bin/../lib/gcc/avr/4.3.3/avr5\libgcc.a(_fpcmp_parts_sf.o)

.debug_str      0x00000000      0x2ac
 *(.debug_str)
 .debug_str     0x00000000      0x19e d:/program files/winavr20100110/bin/../lib/gcc/avr/4.3.3/avr5\libgcc.a(_addsub_sf.o)
                                0x206 (size before relaxing)
 .debug_str     0x0000019e       0x27 d:/program files/winavr20100110/bin/../lib/gcc/avr/4.3.3/avr5\libgcc.a(_mul_sf.o)
                                0x1bf (size before relaxing)
 .debug_str     0x000001c5        0x8 d:/program files/winavr20100110/bin/../lib/gcc/avr/4.3.3/avr5\libgcc.a(_gt_sf.o)
                                0x195 (size before relaxing)
 .debug_str     0x000001cd        0x8 d:/program files/winavr20100110/bin/../lib/gcc/avr/4.3.3/avr5\libgcc.a(_lt_sf.o)
                                0x195 (size before relaxing)
 .debug_str     0x000001d5        0xa d:/program files/winavr20100110/bin/../lib/gcc/avr/4.3.3/avr5\libgcc.a(_sf_to_si.o)
                                0x19e (size before relaxing)
 .debug_str     0x00000000      0x103 d:/program files/winavr20100110/bin/../lib/gcc/avr/4.3.3/avr5\libgcc.a(_thenan_sf.o)
 .debug_str     0x000001df       0x21 d:/program files/winavr20100110/bin/../lib/gcc/avr/4.3.3/avr5\libgcc.a(_usi_to_sf.o)
                                0x177 (size before relaxing)
 .debug_str     0x00000200       0x81 d:/program files/winavr20100110/bin/../lib/gcc/avr/4.3.3/avr5\libgcc.a(_clzsi2.o)
                                0x111 (size before relaxing)
 .debug_str     0x00000281       0x10 d:/program files/winavr20100110/bin/../lib/gcc/avr/4.3.3/avr5\libgcc.a(_pack_sf.o)
                                0x19d (size before relaxing)
 .debug_str     0x00000291        0xb d:/program files/winavr20100110/bin/../lib/gcc/avr/4.3.3/avr5\libgcc.a(_unpack_sf.o)
                                0x17f (size before relaxing)
 .debug_str     0x0000029c       0x10 d:/program files/winavr20100110/bin/../lib/gcc/avr/4.3.3/avr5\libgcc.a(_fpcmp_parts_sf.o)
                                0x163 (size before relaxing)
 .debug_str     0x00000000       0xf4 d:/program files/winavr20100110/bin/../lib/gcc/avr/4.3.3/avr5\libgcc.a(_clz.o)

.debug_loc      0x00000000      0x83e
 *(.debug_loc)
 .debug_loc     0x00000000      0x32a d:/program files/winavr20100110/bin/../lib/gcc/avr/4.3.3/avr5\libgcc.a(_addsub_sf.o)
 .debug_loc     0x0000032a      0x104 d:/program files/winavr20100110/bin/../lib/gcc/avr/4.3.3/avr5\libgcc.a(_mul_sf.o)
 .debug_loc     0x0000042e       0x3c d:/program files/winavr20100110/bin/../lib/gcc/avr/4.3.3/avr5\libgcc.a(_gt_sf.o)
 .debug_loc     0x0000046a       0x3c d:/program files/winavr20100110/bin/../lib/gcc/avr/4.3.3/avr5\libgcc.a(_lt_sf.o)
 .debug_loc     0x000004a6       0x7e d:/program files/winavr20100110/bin/../lib/gcc/avr/4.3.3/avr5\libgcc.a(_sf_to_si.o)
 .debug_loc     0x00000524       0x4c d:/program files/winavr20100110/bin/../lib/gcc/avr/4.3.3/avr5\libgcc.a(_usi_to_sf.o)
 .debug_loc     0x00000570       0x94 d:/program files/winavr20100110/bin/../lib/gcc/avr/4.3.3/avr5\libgcc.a(_clzsi2.o)
 .debug_loc     0x00000604      0x13e d:/program files/winavr20100110/bin/../lib/gcc/avr/4.3.3/avr5\libgcc.a(_pack_sf.o)
 .debug_loc     0x00000742       0xac d:/program files/winavr20100110/bin/../lib/gcc/avr/4.3.3/avr5\libgcc.a(_unpack_sf.o)
 .debug_loc     0x000007ee       0x50 d:/program files/winavr20100110/bin/../lib/gcc/avr/4.3.3/avr5\libgcc.a(_fpcmp_parts_sf.o)

.debug_macinfo
 *(.debug_macinfo)
OUTPUT(DHT11TWILCDBasedOnPCF8574.elf elf32-avr)
LOAD linker stubs

.debug_ranges   0x00000000       0x50
 .debug_ranges  0x00000000       0x50 d:/program files/winavr20100110/bin/../lib/gcc/avr/4.3.3/avr5\libgcc.a(_mul_sf.o)
